2025-05-23 12:24:37,256 - 推理日志已配置，日志文件: logs/simple_qa_inference_20250523_122437.log
2025-05-23 12:24:37,257 - ==================================================
2025-05-23 12:24:37,257 - 开始执行推理任务: simple_qa_inference
2025-05-23 12:24:37,257 - 描述: 简单的问答推理实验
2025-05-23 12:24:37,257 - ==================================================
2025-05-23 12:24:37,257 - 步骤1: 加载数据
2025-05-23 12:24:37,257 - 成功加载 5 条样本
2025-05-23 12:24:37,257 - 步骤2: 执行预处理
2025-05-23 12:24:37,257 - 预处理 - 执行函数 1/1: validate_data
2025-05-23 12:24:37,257 - 预处理 - 函数 validate_data 执行完成
2025-05-23 12:24:37,257 - 预处理完成
2025-05-23 12:24:37,257 - 步骤3: 构建prompt
2025-05-23 12:24:37,257 - Prompt构建 - 执行函数 1/1: build_prompt
2025-05-23 12:24:37,257 - Prompt构建 - 函数 build_prompt 执行完成
2025-05-23 12:24:37,257 - Prompt构建完成
2025-05-23 12:24:37,257 - 步骤4: 执行推理
2025-05-23 12:24:37,258 - 推理配置: batch_size=16, prompt_field=prompt, response_field=answer
2025-05-23 12:24:52,076 - 已处理 5/5 条样本
2025-05-23 12:24:52,076 - 步骤5: 执行后处理
2025-05-23 12:24:52,076 - 后处理 - 执行函数 1/1: extract_answer
2025-05-23 12:24:52,076 - 后处理 - 函数 extract_answer 执行完成
2025-05-23 12:24:52,076 - 后处理完成
2025-05-23 12:24:52,076 - 步骤6: 保存结果
2025-05-23 12:24:52,077 - 结果已保存到: results/answers.json
2025-05-23 12:24:52,077 - ==================================================
2025-05-23 12:24:52,077 - 推理任务执行完成!
2025-05-23 12:24:52,077 - ==================================================
